// Jest Snapshot v1, https://goo.gl/fbAQLP

exports[`Cart checkout() should return an object with the total and the list of items when summary() is called 1`] = `
Object {
  "items": Array [
    Object {
      "product": Object {
        "price": 35388,
        "title": "Adidas running shoes - men",
      },
      "quantity": 2,
    },
    Object {
      "product": Object {
        "price": 41872,
        "title": "Adidas running shoes - women",
      },
      "quantity": 1,
    },
  ],
  "total": 112648,
}
`;
